../Core/Src/freertos.cpp:75:17:void MX_FREERTOS_Init()	8	static
../Core/Src/freertos.cpp:117:6:void StartDefaultTask(void*)	1064	static
../Core/Src/freertos.cpp:306:13:void set_pwms(uint32_t*)	16	static
../Core/Src/freertos.cpp:319:13:void set_pwm_idle()	4	static
../Core/Src/freertos.cpp:330:6:void clamp_pwm_output(uint32_t*, int)	24	static
../Core/Src/freertos.cpp:339:6:void update_pid_constants(arm_pid_instance_f32*, const float32_t*, const float32_t*, const float32_t*)	24	static
../Core/Src/freertos.cpp:348:6:void imu_subscription_callback(const void*)	16	static
../Core/Src/freertos.cpp:351:6:void cmd_vel_subscription_callback(const void*)	16	static
../Core/Src/freertos.cpp:354:6:void arm_disarm_service_callback(const void*, void*)	24	static
../Core/Src/freertos.cpp:365:6:void set_nav_mode_service_callback(const void*, void*)	24	static
