../Core/Src/freertos.cpp:74:17:void MX_FREERTOS_Init()	8	static
../Core/Src/freertos.cpp:116:6:void StartDefaultTask(void*)	1320	static
../Core/Src/freertos.cpp:331:13:void set_pwms(uint32_t*)	16	static
../Core/Src/freertos.cpp:344:13:void set_pwm_idle()	4	static
../Core/Src/freertos.cpp:355:6:void clamp_pwm_output(uint32_t*, int)	24	static
../Core/Src/freertos.cpp:363:6:void update_pid_constants(arm_pid_instance_f32*, const float32_t*, const float32_t*, const float32_t*)	24	static
../Core/Src/freertos.cpp:372:6:void imu_subscription_callback(const void*)	16	static
../Core/Src/freertos.cpp:375:6:void cmd_vel_subscription_callback(const void*)	16	static
../Core/Src/freertos.cpp:378:6:void arm_disarm_service_callback(const void*, void*)	24	static
../Core/Src/freertos.cpp:389:6:void set_nav_mode_service_callback(const void*, void*)	24	static
../Core/Src/freertos.cpp:397:6:bool on_parameter_changed(const Parameter*, const Parameter*, void*)	40	static
